// Vitest Snapshot v1, https://vitest.dev/guide/snapshot.html

exports[`IntegratedMusicSidebar snapshots > renders collapsed sidebar 1`] = `
<div>
  <button
    aria-label="Show music analysis sidebar"
    class="sidebar-toggle-btn"
    style="position: fixed; right: 20px; top: 50%; transform: translateY(-50%); z-index: 1001; background: rgb(71, 85, 105); color: rgb(226, 232, 240); border-radius: 8px 0 0 8px; padding: 12px 8px; cursor: pointer; transition: all 0.3s ease; font-size: 1.2rem; box-shadow: 0 2px 8px rgba(0, 0, 0, 0.3);"
  >
    ðŸŽµ
  </button>
</div>
`;

exports[`IntegratedMusicSidebar snapshots > renders expanded empty sidebar 1`] = `
<div>
  <button
    aria-label="Hide music analysis sidebar"
    class="sidebar-toggle-btn"
    style="position: fixed; right: 320px; top: 50%; transform: translateY(-50%); z-index: 1001; background: rgb(71, 85, 105); color: rgb(226, 232, 240); border-radius: 8px 0 0 8px; padding: 12px 8px; cursor: pointer; transition: all 0.3s ease; font-size: 1.2rem; box-shadow: 0 2px 8px rgba(0, 0, 0, 0.3);"
  >
    â†’
  </button>
  <div
    class="integrated-music-sidebar "
  >
    <div
      class="sidebar-section"
    >
      <div
        class="sidebar-section-header"
      >
        <h3
          class="sidebar-section-title"
        >
          <span
            class="sidebar-status-indicator inactive"
          />
          ðŸŽ¹ Live Input Analysis
        </h3>
        <button
          class="sidebar-section-toggle"
        >
          âˆ’
        </button>
      </div>
      <div
        class="sidebar-section-content"
      >
        <div
          class="midi-detection-panel sidebar-midi-panel"
        >
          <div
            class="midi-detection-card"
          >
            <h3
              class="text-xs font-semibold mb-2 text-cyan-400"
            >
              Live Input Analysis
            </h3>
            <div
              class="mb-0"
            >
              <div
                class="flex justify-between items-center mb-1"
              >
                <p
                  class="text-xs font-medium"
                >
                  Notes Detected:
                </p>
                <div
                  class="flex gap-1"
                >
                  <button
                    class="px-1.5 py-0.5 text-xs bg-slate-600 hover:bg-slate-500 rounded transition-colors"
                  >
                    Clear
                  </button>
                </div>
              </div>
              <div
                class="min-h-[18px] p-1.5 bg-slate-800 rounded text-xs font-mono flex flex-wrap gap-1 items-center"
              >
                No notes detected
              </div>
            </div>
          </div>
        </div>
      </div>
    </div>
    <div
      class="sidebar-section"
    >
      <div
        class="sidebar-section-header"
      >
        <h3
          class="sidebar-section-title"
        >
          <span
            class="sidebar-status-indicator inactive"
          />
          ðŸŽ¯ Musical Analysis
        </h3>
        <button
          class="sidebar-section-toggle"
        >
          âˆ’
        </button>
      </div>
      <div
        class="sidebar-section-content"
      >
        <div
          class="no-results"
        >
          Play some notes to see analysis
        </div>
      </div>
    </div>
  </div>
</div>
`;
